I'm sorry, but errors were detected in your script. Please correct the
errors listed below, and try again.


File "game/script.rpy", line 31: expected statement.
    e im cooking nigga
                      ^

Ren'Py Version: Ren'Py 8.1.3.23091805
Mon Jan 15 20:55:22 2024
